// Jest Snapshot v1, https://goo.gl/fbAQLP

exports[`<Token /> should match the snapshot 1`] = `
<div>
  Todo. Token
</div>
`;
