// Jest Snapshot v1, https://goo.gl/fbAQLP

exports[`<TokenDetail /> should match the snapshot 1`] = `
<div>
  Todo. TokenDetail
</div>
`;
