// Jest Snapshot v1, https://goo.gl/fbAQLP

exports[`<HomePage /> should match the snapshot 1`] = `
<span>
  HomePage container
</span>
`;
