// Jest Snapshot v1, https://goo.gl/fbAQLP

exports[`<Transactions /> should match the snapshot 1`] = `
<div>
  Todo. Transactions
</div>
`;
