// Jest Snapshot v1, https://goo.gl/fbAQLP

exports[`<Tooltip  /> should match snapshot 1`] = `
.c0 .tooltip-content.sirius-tooltip {
  font-variant-numeric: initial;
  text-transform: initial;
  border-radius: 0;
  padding: 0.2857rem 0.7143rem 0.3571rem;
  font-weight: 400;
  font-size: 12px;
  color: #cdcdcd;
  line-height: 1.1429rem;
  min-width: 40px;
  max-width: 40rem;
}

.c0 a {
  color: #00acff;
}

.c0 a:hover {
  color: #3dc0ff;
}

@media (max-width:768px) {
  .c0 .tooltip-content.sirius-tooltip {
    max-width: 24rem;
    white-space: normal;
    word-break: break-all;
  }
}

<span
  class="c0"
>
  <div
    class="jsx-726172838 tooltip-wrapper"
  >
    <div
      class="jsx-726172838 tooltip "
    >
      test content
    </div>
  </div>
</span>
`;
