// Jest Snapshot v1, https://goo.gl/fbAQLP

exports[`<Accounts /> should match the snapshot 1`] = `
<div>
  Todo. Accounts
</div>
`;
