// Jest Snapshot v1, https://goo.gl/fbAQLP

exports[`<Epochs /> should match the snapshot 1`] = `
<div>
  Todo. Epochs
</div>
`;
