// Jest Snapshot v1, https://goo.gl/fbAQLP

exports[`<Blocks /> should match the snapshot 1`] = `
<div>
  Todo. Blocks
</div>
`;
