// Jest Snapshot v1, https://goo.gl/fbAQLP

exports[`<Contracts /> should match the snapshot 1`] = `
<div>
  Todo. Contracts
</div>
`;
